hadoop@saurabh-VirtualBox:~$ cd hadoop
hadoop@saurabh-VirtualBox:~/hadoop$ start-all.sh
WARNING: Attempting to start all Apache Hadoop daemons as hadoop in 10 seconds.
WARNING: This is not a recommended production deployment configuration.
WARNING: Use CTRL-C to abort.
Starting namenodes on [localhost]
Starting datanodes
Starting secondary namenodes [saurabh-VirtualBox]
Starting resourcemanager
Starting nodemanagers
hadoop@saurabh-VirtualBox:~/hadoop$ jps
3506 NodeManager
3385 ResourceManager
2825 NameNode
2953 DataNode
3849 Jps
3179 SecondaryNameNode
hadoop@saurabh-VirtualBox:~/hadoop$ cat>WordCount.java
package org.myorg;
import java.io.IOException;
import java.util.*;import org.apache.hadoop.fs.Path;
import org.apache.hadoop.conf.*;
import org.apache.hadoop.io.*;
import org.apache.hadoop.mapred.*;
import org.apache.hadoop.util.*;
public class WordCount {
public static class Map extends MapReduceBase implements
Mapper<LongWritable, Text, Text, IntWritable> {
private final static IntWritable one = new IntWritable(1);
private Text word = new Text();
public void map(LongWritable key, Text value, OutputCollector<Text,
IntWritable> output, Reporter reporter) throws IOException {
String line = value.toString();
StringTokenizer tokenizer = new StringTokenizer(line);
while (tokenizer.hasMoreTokens()) {
word.set(tokenizer.nextToken());
output.collect(word, one);
}
}
}
public static class Reduce extends MapReduceBase implements
Reducer<Text, IntWritable, Text, IntWritable> {
public void reduce(Text key, Iterator<IntWritable> values,
OutputCollector<Text, IntWritable> output, Reporter reporter) throws
IOException {
int sum = 0;
while (values.hasNext()) {
sum += values.next().get();
}
output.collect(key, new IntWritable(sum));
}
}
public static void main(String[] args) throws Exception {
JobConf conf = new JobConf(WordCount.class);
conf.setJobName("wordcount");
conf.setOutputKeyClass(Text.class);conf.setOutputValueClass(IntWritable.class);
conf.setMapperClass(Map.class);
conf.setCombinerClass(Reduce.class);
conf.setReducerClass(Reduce.class);
conf.setInputFormat(TextInputFormat.class);
conf.setOutputFormat(TextOutputFormat.class);
FileInputFormat.setInputPaths(conf, new Path(args[0]));
FileOutputFormat.setOutputPath(conf, new Path(args[1]));
JobClient.runJob(conf);
}
}hadoop@saurabh-VirtualBox:~/hadoop$ mkdir wordcount_classes
hadoop@saurabh-VirtualBox:~/hadoop$ hadoop classpath
/home/hadoop/hadoop/etc/hadoop:/home/hadoop/hadoop/share/hadoop/common/lib/*:/home/hadoop/hadoop/share/hadoop/common/*:/home/hadoop/hadoop/share/hadoop/hdfs:/home/hadoop/hadoop/share/hadoop/hdfs/lib/*:/home/hadoop/hadoop/share/hadoop/hdfs/*:/home/hadoop/hadoop/share/hadoop/mapreduce/*:/home/hadoop/hadoop/share/hadoop/yarn:/home/hadoop/hadoop/share/hadoop/yarn/lib/*:/home/hadoop/hadoop/share/hadoop/yarn/*
hadoop@saurabh-VirtualBox:~/hadoop$ javac -cp $/home/hadoop/hadoop/etc/hadoop:/home/hadoop/hadoop/share/hadoop/common/lib/*:/home/hadoop/hadoop/share/hadoop/common/*:/home/hadoop/hadoop/share/hadoop/hdfs:/home/hadoop/hadoop/share/hadoop/hdfs/lib/*:/home/hadoop/hadoop/share/hadoop/hdfs/*:/home/hadoop/hadoop/share/hadoop/mapreduce/*:/home/hadoop/hadoop/share/hadoop/yarn:/home/hadoop/hadoop/share/hadoop/yarn/lib/*:/home/hadoop/hadoop/share/hadoop/yarn/* -d wordcount_classes/ WordCount.java
hadoop@saurabh-VirtualBox:~/hadoop$ hdfs dfs -mkdir -p /map/wordcount/input /map/wordcount/ou
hadoop@saurabh-VirtualBox:~/hadoop$ cat>testdata.txt
hello hadoop framework
hello hadoop
hadoop@saurabh-VirtualBox:~/hadoop$ jar -cvf wordcount.jar -C wordcount_classes/ .
added manifest
adding: org/(in = 0) (out= 0)(stored 0%)
adding: org/myorg/(in = 0) (out= 0)(stored 0%)
adding: org/myorg/WordCount$Map.class(in = 1938) (out= 801)(deflated 58%)
adding: org/myorg/WordCount$Reduce.class(in = 1611) (out= 649)(deflated 59%)
adding: org/myorg/WordCount.class(in = 1530) (out= 750)(deflated 50%)
hadoop@saurabh-VirtualBox:~/hadoop$ hadoop jar wordcount.jar org.myorg.WordCount /map/wordcount/input/testdata.txt /map/wordcount/output/map_o/output/map_ou
2024-04-28 09:07:37,238 INFO impl.MetricsConfig: Loaded properties from hadoop-metrics2.properties
2024-04-28 09:07:37,414 INFO impl.MetricsSystemImpl: Scheduled Metric snapshot period at 10 second(s).
2024-04-28 09:07:37,415 INFO impl.MetricsSystemImpl: JobTracker metrics system started
2024-04-28 09:07:37,453 WARN impl.MetricsSystemImpl: JobTracker metrics system already initialized!
2024-04-28 09:07:37,680 WARN mapreduce.JobResourceUploader: Hadoop command-line option parsing not performed. Implement the Tool interface and execute your application with ToolRunner to remedy this.
2024-04-28 09:07:37,859 INFO mapred.FileInputFormat: Total input files to process : 1
2024-04-28 09:07:37,999 INFO mapreduce.JobSubmitter: number of splits:1
2024-04-28 09:07:38,232 INFO mapreduce.JobSubmitter: Submitting tokens for job: job_local1656455722_0001
2024-04-28 09:07:38,232 INFO mapreduce.JobSubmitter: Executing with tokens: []
2024-04-28 09:07:38,454 INFO mapreduce.Job: The url to track the job: http://localhost:8080/
2024-04-28 09:07:38,458 INFO mapreduce.Job: Running job: job_local1656455722_0001
2024-04-28 09:07:38,458 INFO mapred.LocalJobRunner: OutputCommitter set in config null
2024-04-28 09:07:38,463 INFO mapred.LocalJobRunner: OutputCommitter is org.apache.hadoop.mapred.FileOutputCommitter
2024-04-28 09:07:38,483 INFO output.FileOutputCommitter: File Output Committer Algorithm version is 2
2024-04-28 09:07:38,484 INFO output.FileOutputCommitter: FileOutputCommitter skip cleanup _temporary folders under output directory:false, ignore cleanup failures: false
2024-04-28 09:07:38,585 INFO mapred.LocalJobRunner: Waiting for map tasks
2024-04-28 09:07:38,589 INFO mapred.LocalJobRunner: Starting task: attempt_local1656455722_0001_m_000000_0
2024-04-28 09:07:38,668 INFO output.FileOutputCommitter: File Output Committer Algorithm version is 2
2024-04-28 09:07:38,669 INFO output.FileOutputCommitter: FileOutputCommitter skip cleanup _temporary folders under output directory:false, ignore cleanup failures: false
2024-04-28 09:07:38,725 INFO mapred.Task:  Using ResourceCalculatorProcessTree : [ ]
2024-04-28 09:07:38,740 INFO mapred.MapTask: Processing split: hdfs://localhost:9000/map/wordcount/input/testdata.txt:0+36
2024-04-28 09:07:38,800 INFO mapred.MapTask: numReduceTasks: 1
2024-04-28 09:07:39,283 INFO mapred.MapTask: (EQUATOR) 0 kvi 26214396(104857584)
2024-04-28 09:07:39,283 INFO mapred.MapTask: mapreduce.task.io.sort.mb: 100
2024-04-28 09:07:39,283 INFO mapred.MapTask: soft limit at 83886080
2024-04-28 09:07:39,283 INFO mapred.MapTask: bufstart = 0; bufvoid = 104857600
2024-04-28 09:07:39,283 INFO mapred.MapTask: kvstart = 26214396; length = 6553600
2024-04-28 09:07:39,291 INFO mapred.MapTask: Map output collector class = org.apache.hadoop.mapred.MapTask$MapOutputBuffer
2024-04-28 09:07:39,483 INFO mapreduce.Job: Job job_local1656455722_0001 running in uber mode : false
2024-04-28 09:07:39,483 INFO mapreduce.Job:  map 0% reduce 0%
2024-04-28 09:07:39,725 INFO mapred.LocalJobRunner: 
2024-04-28 09:07:39,725 INFO mapred.MapTask: Starting flush of map output
2024-04-28 09:07:39,725 INFO mapred.MapTask: Spilling map output
2024-04-28 09:07:39,725 INFO mapred.MapTask: bufstart = 0; bufend = 61; bufvoid = 104857600
2024-04-28 09:07:39,725 INFO mapred.MapTask: kvstart = 26214396(104857584); kvend = 26214376(104857504); length = 21/6553600
2024-04-28 09:07:39,745 INFO mapred.MapTask: Finished spill 0
2024-04-28 09:07:39,836 INFO mapred.Task: Task:attempt_local1656455722_0001_m_000000_0 is done. And is in the process of committing
2024-04-28 09:07:39,843 INFO mapred.LocalJobRunner: hdfs://localhost:9000/map/wordcount/input/testdata.txt:0+36
2024-04-28 09:07:39,843 INFO mapred.Task: Task 'attempt_local1656455722_0001_m_000000_0' done.
2024-04-28 09:07:39,851 INFO mapred.Task: Final Counters for attempt_local1656455722_0001_m_000000_0: Counters: 24
	File System Counters
		FILE: Number of bytes read=3331
		FILE: Number of bytes written=645338
		FILE: Number of read operations=0
		FILE: Number of large read operations=0
		FILE: Number of write operations=0
		HDFS: Number of bytes read=36
		HDFS: Number of bytes written=0
		HDFS: Number of read operations=5
		HDFS: Number of large read operations=0
		HDFS: Number of write operations=1
		HDFS: Number of bytes read erasure-coded=0
	Map-Reduce Framework
		Map input records=3
		Map output records=6
		Map output bytes=61
		Map output materialized bytes=54
		Input split bytes=106
		Combine input records=6
		Combine output records=4
		Spilled Records=4
		Failed Shuffles=0
		Merged Map outputs=0
		GC time elapsed (ms)=46
		Total committed heap usage (bytes)=316145664
	File Input Format Counters 
		Bytes Read=36
2024-04-28 09:07:39,851 INFO mapred.LocalJobRunner: Finishing task: attempt_local1656455722_0001_m_000000_0
2024-04-28 09:07:39,853 INFO mapred.LocalJobRunner: map task executor complete.
2024-04-28 09:07:39,882 INFO mapred.LocalJobRunner: Waiting for reduce tasks
2024-04-28 09:07:39,883 INFO mapred.LocalJobRunner: Starting task: attempt_local1656455722_0001_r_000000_0
2024-04-28 09:07:39,891 INFO output.FileOutputCommitter: File Output Committer Algorithm version is 2
2024-04-28 09:07:39,891 INFO output.FileOutputCommitter: FileOutputCommitter skip cleanup _temporary folders under output directory:false, ignore cleanup failures: false
2024-04-28 09:07:39,891 INFO mapred.Task:  Using ResourceCalculatorProcessTree : [ ]
2024-04-28 09:07:39,897 INFO mapred.ReduceTask: Using ShuffleConsumerPlugin: org.apache.hadoop.mapreduce.task.reduce.Shuffle@7ee210d5
2024-04-28 09:07:39,899 WARN impl.MetricsSystemImpl: JobTracker metrics system already initialized!
2024-04-28 09:07:39,916 INFO reduce.MergeManagerImpl: MergerManager: memoryLimit=802632512, maxSingleShuffleLimit=200658128, mergeThreshold=529737472, ioSortFactor=10, memToMemMergeOutputsThreshold=10
2024-04-28 09:07:39,927 INFO reduce.EventFetcher: attempt_local1656455722_0001_r_000000_0 Thread started: EventFetcher for fetching Map Completion Events
2024-04-28 09:07:39,986 INFO reduce.LocalFetcher: localfetcher#1 about to shuffle output of map attempt_local1656455722_0001_m_000000_0 decomp: 50 len: 54 to MEMORY
2024-04-28 09:07:39,990 INFO reduce.InMemoryMapOutput: Read 50 bytes from map-output for attempt_local1656455722_0001_m_000000_0
2024-04-28 09:07:39,992 INFO reduce.MergeManagerImpl: closeInMemoryFile -> map-output of size: 50, inMemoryMapOutputs.size() -> 1, commitMemory -> 0, usedMemory ->50
2024-04-28 09:07:39,994 INFO reduce.EventFetcher: EventFetcher is interrupted.. Returning
2024-04-28 09:07:40,020 INFO mapred.LocalJobRunner: 1 / 1 copied.
2024-04-28 09:07:40,021 INFO reduce.MergeManagerImpl: finalMerge called with 1 in-memory map-outputs and 0 on-disk map-outputs
2024-04-28 09:07:40,054 INFO mapred.Merger: Merging 1 sorted segments
2024-04-28 09:07:40,055 INFO mapred.Merger: Down to the last merge-pass, with 1 segments left of total size: 42 bytes
2024-04-28 09:07:40,057 INFO reduce.MergeManagerImpl: Merged 1 segments, 50 bytes to disk to satisfy reduce memory limit
2024-04-28 09:07:40,058 INFO reduce.MergeManagerImpl: Merging 1 files, 54 bytes from disk
2024-04-28 09:07:40,059 INFO reduce.MergeManagerImpl: Merging 0 segments, 0 bytes from memory into reduce
2024-04-28 09:07:40,059 INFO mapred.Merger: Merging 1 sorted segments
2024-04-28 09:07:40,061 INFO mapred.Merger: Down to the last merge-pass, with 1 segments left of total size: 42 bytes
2024-04-28 09:07:40,063 INFO mapred.LocalJobRunner: 1 / 1 copied.
2024-04-28 09:07:40,489 INFO mapreduce.Job:  map 100% reduce 0%
2024-04-28 09:07:40,751 INFO mapred.Task: Task:attempt_local1656455722_0001_r_000000_0 is done. And is in the process of committing
2024-04-28 09:07:40,757 INFO mapred.LocalJobRunner: 1 / 1 copied.
2024-04-28 09:07:40,758 INFO mapred.Task: Task attempt_local1656455722_0001_r_000000_0 is allowed to commit now
2024-04-28 09:07:40,824 INFO output.FileOutputCommitter: Saved output of task 'attempt_local1656455722_0001_r_000000_0' to hdfs://localhost:9000/map/wordcount/output/map_o/output/map_ou
2024-04-28 09:07:40,826 INFO mapred.LocalJobRunner: reduce > reduce
2024-04-28 09:07:40,826 INFO mapred.Task: Task 'attempt_local1656455722_0001_r_000000_0' done.
2024-04-28 09:07:40,826 INFO mapred.Task: Final Counters for attempt_local1656455722_0001_r_000000_0: Counters: 30
	File System Counters
		FILE: Number of bytes read=3471
		FILE: Number of bytes written=645392
		FILE: Number of read operations=0
		FILE: Number of large read operations=0
		FILE: Number of write operations=0
		HDFS: Number of bytes read=36
		HDFS: Number of bytes written=32
		HDFS: Number of read operations=10
		HDFS: Number of large read operations=0
		HDFS: Number of write operations=3
		HDFS: Number of bytes read erasure-coded=0
	Map-Reduce Framework
		Combine input records=0
		Combine output records=0
		Reduce input groups=4
		Reduce shuffle bytes=54
		Reduce input records=4
		Reduce output records=4
		Spilled Records=4
		Shuffled Maps =1
		Failed Shuffles=0
		Merged Map outputs=1
		GC time elapsed (ms)=0
		Total committed heap usage (bytes)=316145664
	Shuffle Errors
		BAD_ID=0
		CONNECTION=0
		IO_ERROR=0
		WRONG_LENGTH=0
		WRONG_MAP=0
		WRONG_REDUCE=0
	File Output Format Counters 
		Bytes Written=32
2024-04-28 09:07:40,826 INFO mapred.LocalJobRunner: Finishing task: attempt_local1656455722_0001_r_000000_0
2024-04-28 09:07:40,826 INFO mapred.LocalJobRunner: reduce task executor complete.
2024-04-28 09:07:41,493 INFO mapreduce.Job:  map 100% reduce 100%
2024-04-28 09:07:41,494 INFO mapreduce.Job: Job job_local1656455722_0001 completed successfully
2024-04-28 09:07:41,510 INFO mapreduce.Job: Counters: 36
	File System Counters
		FILE: Number of bytes read=6802
		FILE: Number of bytes written=1290730
		FILE: Number of read operations=0
		FILE: Number of large read operations=0
		FILE: Number of write operations=0
		HDFS: Number of bytes read=72
		HDFS: Number of bytes written=32
		HDFS: Number of read operations=15
		HDFS: Number of large read operations=0
		HDFS: Number of write operations=4
		HDFS: Number of bytes read erasure-coded=0
	Map-Reduce Framework
		Map input records=3
		Map output records=6
		Map output bytes=61
		Map output materialized bytes=54
		Input split bytes=106
		Combine input records=6
		Combine output records=4
		Reduce input groups=4
		Reduce shuffle bytes=54
		Reduce input records=4
		Reduce output records=4
		Spilled Records=8
		Shuffled Maps =1
		Failed Shuffles=0
		Merged Map outputs=1
		GC time elapsed (ms)=46
		Total committed heap usage (bytes)=632291328
	Shuffle Errors
		BAD_ID=0
		CONNECTION=0
		IO_ERROR=0
		WRONG_LENGTH=0
		WRONG_MAP=0
		WRONG_REDUCE=0
	File Input Format Counters 
		Bytes Read=36
	File Output Format Counters 
		Bytes Written=32
hadoop@saurabh-VirtualBox:~/hadoop$ hdfs dfs -ls /map/wordcount/output/map_o/output/map_ou
Found 2 items
-rw-r--r--   3 hadoop supergroup          0 2024-04-28 09:07 /map/wordcount/output/map_o/output/map_ou/_SUCCESS
-rw-r--r--   3 hadoop supergroup         32 2024-04-28 09:07 /map/wordcount/output/map_o/output/map_ou/part-00000
hadoop@saurabh-VirtualBox:~/hadoop$ hdfs dfs -cat /map/wordcount/output/map_o/output/map_ou/part-00000
Hello	2
fine	1
hadoop	2
world	1

